------------------------------------------------------------
Timing Analyzer Summary
------------------------------------------------------------

Type  : Slow 1200mV 85C Model Setup 'Clk'
Slack : -9.199
TNS   : -1797.968

Type  : Slow 1200mV 85C Model Hold 'Clk'
Slack : 0.341
TNS   : 0.000

Type  : Slow 1200mV 85C Model Recovery 'Clk'
Slack : -1.073
TNS   : -13.369

Type  : Slow 1200mV 85C Model Removal 'Clk'
Slack : 0.872
TNS   : 0.000

Type  : Slow 1200mV 85C Model Minimum Pulse Width 'Clk'
Slack : -3.000
TNS   : -437.132

Type  : Slow 1200mV 0C Model Setup 'Clk'
Slack : -8.311
TNS   : -1630.190

Type  : Slow 1200mV 0C Model Hold 'Clk'
Slack : 0.306
TNS   : 0.000

Type  : Slow 1200mV 0C Model Recovery 'Clk'
Slack : -0.898
TNS   : -10.826

Type  : Slow 1200mV 0C Model Removal 'Clk'
Slack : 0.791
TNS   : 0.000

Type  : Slow 1200mV 0C Model Minimum Pulse Width 'Clk'
Slack : -3.000
TNS   : -434.996

Type  : Fast 1200mV 0C Model Setup 'Clk'
Slack : -3.357
TNS   : -620.120

Type  : Fast 1200mV 0C Model Hold 'Clk'
Slack : 0.148
TNS   : 0.000

Type  : Fast 1200mV 0C Model Recovery 'Clk'
Slack : 0.086
TNS   : 0.000

Type  : Fast 1200mV 0C Model Removal 'Clk'
Slack : 0.386
TNS   : 0.000

Type  : Fast 1200mV 0C Model Minimum Pulse Width 'Clk'
Slack : -3.000
TNS   : -309.407

------------------------------------------------------------
